// Jest Snapshot v1, https://goo.gl/fbAQLP

exports[`Page should render correctly 1`] = `
<Fragment>
  <PageHead
    title="Test"
  />
  <div
    className="container py-5"
  >
    <div
      className="row"
    >
      <div
        className="col-auto"
      >
        <h3
          className="page__title"
        >
          Test
        </h3>
      </div>
      <div
        className="col page__toolbar"
      >
        Toolbar test
      </div>
    </div>
    <div
      className="page__content"
    >
      Children test
    </div>
    <PageFooter />
  </div>
</Fragment>
`;
