// Jest Snapshot v1, https://goo.gl/fbAQLP

exports[`EditProductPage Component should render correctly 1`] = `
<ProductFormPage
  name="PS4"
  onSubmit={[Function]}
  price={399}
  quantity={1}
  title="Create Product"
/>
`;
