// Jest Snapshot v1, https://goo.gl/fbAQLP

exports[`LinkButton should render correctly 1`] = `
<LinkNext
  className="btn btn-link testClass"
  href="localhost:3000"
  role="button"
  title="Clique aqui"
>
  Clique
</LinkNext>
`;
